
> chenshi-fushenglu@1.0.6 tauri:build
> tauri build --bundles nsis

        Info Looking up installed tauri packages to check mismatched versions...
        Warn The bundle identifier "com.chenshifushenglu.app" set in `"tauri.conf.json" identifier` ends with `.app`. This is not recommended because it conflicts with the application bundle extension on macOS.
     Running beforeBuildCommand `npm run build`

> chenshi-fushenglu@1.0.6 build
> vue-tsc --noEmit && vite build

[36mvite v8.1.3 [32mbuilding client environment for production...[36m[39m
[2K
transforming...✓ 1890 modules transformed.
rendering chunks...
computing gzip size...
dist/index.html                   0.40 kB │ gzip:   0.29 kB
dist/assets/index-Db0z7BCk.css   95.49 kB │ gzip:  18.60 kB
dist/assets/index-DccAz-Zf.js   440.25 kB │ gzip: 171.45 kB

[32m✓ built in 842ms[39m
   Compiling polaris-app v1.0.6 (D:\polaris\人生七年\尘世浮生\src-tauri)
    Finished `release` profile [optimized] target(s) in 1m 02s
       Built application at: D:\polaris\人生七年\尘世浮生\src-tauri\target\release\polaris-app.exe
        Info Patching D:\polaris\人生七年\尘世浮生\src-tauri\target\release\polaris-app.exe with bundle type information: nsis
        Info Target: x64
     Running makensis to produce D:\polaris\人生七年\尘世浮生\src-tauri\target\release\bundle\nsis\尘世浮生录_1.0.6_x64-setup.exe
    Finished 1 bundle at:
        D:\polaris\人生七年\尘世浮生\src-tauri\target\release\bundle\nsis\尘世浮生录_1.0.6_x64-setup.exe

A public key has been found, but no private key. Make sure to set `TAURI_SIGNING_PRIVATE_KEY` environment variable.
       Error A public key has been found, but no private key. Make sure to set `TAURI_SIGNING_PRIVATE_KEY` environment variable.
